Flutter crash report.
Please report a bug at https://github.com/flutter/flutter/issues.

## command

flutter test test/features/today/bloc/today_bloc_test.dart

## exception

PathExistsException: PathExistsException: Cannot copy file to 'c:\Users\tomzq\StudioProjects\Kinly\kinly\build\unit_test_assets\NativeAssetsManifest.json', path = 'c:\Users\tomzq\StudioProjects\Kinly\kinly\build\native_assets\windows\native_assets.json' (OS Error: Cannot create a file when that file already exists, errno = 183)

```
#0      _checkForErrorResponse (dart:io/common.dart:58:9)
#1      _File.copy.<anonymous closure> (dart:io/file_impl.dart:410:7)
#2      _rootRunUnary (dart:async/zone.dart:1538:47)
#3      _CustomZone.runUnary (dart:async/zone.dart:1429:19)
<asynchronous suspension>
#4      ForwardingFile.copy (package:file/src/forwarding/forwarding_file.dart:29:51)
<asynchronous suspension>
#5      ForwardingFile.copy (package:file/src/forwarding/forwarding_file.dart:29:51)
<asynchronous suspension>
#6      TestCommand.runCommand (package:flutter_tools/src/commands/test.dart:494:7)
<asynchronous suspension>
#7      FlutterCommand.run.<anonymous closure> (package:flutter_tools/src/runner/flutter_command.dart:1559:27)
<asynchronous suspension>
#8      AppContext.run.<anonymous closure> (package:flutter_tools/src/base/context.dart:154:19)
<asynchronous suspension>
#9      CommandRunner.runCommand (package:args/command_runner.dart:212:13)
<asynchronous suspension>
#10     FlutterCommandRunner.runCommand.<anonymous closure> (package:flutter_tools/src/runner/flutter_command_runner.dart:487:9)
<asynchronous suspension>
#11     AppContext.run.<anonymous closure> (package:flutter_tools/src/base/context.dart:154:19)
<asynchronous suspension>
#12     FlutterCommandRunner.runCommand (package:flutter_tools/src/runner/flutter_command_runner.dart:422:5)
<asynchronous suspension>
#13     run.<anonymous closure>.<anonymous closure> (package:flutter_tools/runner.dart:104:11)
<asynchronous suspension>
#14     AppContext.run.<anonymous closure> (package:flutter_tools/src/base/context.dart:154:19)
<asynchronous suspension>
#15     main (package:flutter_tools/executable.dart:103:3)
<asynchronous suspension>
```

## flutter doctor

```
[✓] Flutter (Channel stable, 3.38.5, on Microsoft Windows [Version 10.0.26100.7462], locale en-NZ) [625ms]
    • Flutter version 3.38.5 on channel stable at C:\flutter
    • Upstream repository https://github.com/flutter/flutter.git
    • Framework revision f6ff1529fd (5 weeks ago), 2025-12-11 11:50:07 -0500
    • Engine revision 1527ae0ec5
    • Dart version 3.10.4
    • DevTools version 2.51.1
    • Feature flags: enable-web, enable-linux-desktop, enable-macos-desktop, enable-windows-desktop, enable-android, enable-ios, cli-animations, enable-native-assets, omit-legacy-version-file, enable-lldb-debugging

[✓] Windows Version (11 Home 64-bit, 24H2, 2009) [3.4s]

[✓] Android toolchain - develop for Android devices (Android SDK version 35.0.0) [8.6s]
    • Android SDK at C:\Users\tomzq\AppData\Local\Android\sdk
    • Emulator version 35.2.10.0 (build_id 12414864) (CL:N/A)
    • Platform android-36, build-tools 35.0.0
    • Java binary at: C:\Program Files\Android\Android Studio\jbr\bin\java
      This is the JDK bundled with the latest Android Studio installation on this machine.
      To manually set the JDK path, use: `flutter config --jdk-dir="path/to/jdk"`.
    • Java version OpenJDK Runtime Environment (build 21.0.3+-12282718-b509.11)
    • All Android licenses accepted.

[✓] Chrome - develop for the web [28ms]
    • Chrome at C:\Program Files\Google\Chrome\Application\chrome.exe

[✗] Visual Studio - develop Windows apps [25ms]
    ✗ Visual Studio not installed; this is necessary to develop Windows apps.
      Download at https://visualstudio.microsoft.com/downloads/.
      Please install the "Desktop development with C++" workload, including all of its default components

[✓] Connected device (3 available) [736ms]
    • Windows (desktop) • windows • windows-x64    • Microsoft Windows [Version 10.0.26100.7462]
    • Chrome (web)      • chrome  • web-javascript • Google Chrome 143.0.7499.193
    • Edge (web)        • edge    • web-javascript • Microsoft Edge 143.0.3650.139

[✓] Network resources [1,668ms]
    • All expected network resources are available.

! Doctor found issues in 1 category.
```
